Archive member included to satisfy reference by file (symbol)

d:/portable programs/stm32-my-toolchain/gcc-arm-none-eabi-10.3-2021.10/bin/../lib/gcc/arm-none-eabi/10.3.1/../../../../arm-none-eabi/lib/thumb/v7-m/nofp\libc_nano.a(lib_a-exit.o)
                              d:/portable programs/stm32-my-toolchain/gcc-arm-none-eabi-10.3-2021.10/bin/../lib/gcc/arm-none-eabi/10.3.1/../../../../arm-none-eabi/lib/thumb/v7-m/nofp/crt0.o (exit)
d:/portable programs/stm32-my-toolchain/gcc-arm-none-eabi-10.3-2021.10/bin/../lib/gcc/arm-none-eabi/10.3.1/../../../../arm-none-eabi/lib/thumb/v7-m/nofp\libc_nano.a(lib_a-impure.o)
                              d:/portable programs/stm32-my-toolchain/gcc-arm-none-eabi-10.3-2021.10/bin/../lib/gcc/arm-none-eabi/10.3.1/../../../../arm-none-eabi/lib/thumb/v7-m/nofp\libc_nano.a(lib_a-exit.o) (_global_impure_ptr)
d:/portable programs/stm32-my-toolchain/gcc-arm-none-eabi-10.3-2021.10/bin/../lib/gcc/arm-none-eabi/10.3.1/../../../../arm-none-eabi/lib/thumb/v7-m/nofp\libc_nano.a(lib_a-init.o)
                              d:/portable programs/stm32-my-toolchain/gcc-arm-none-eabi-10.3-2021.10/bin/../lib/gcc/arm-none-eabi/10.3.1/../../../../arm-none-eabi/lib/thumb/v7-m/nofp/crt0.o (__libc_init_array)
d:/portable programs/stm32-my-toolchain/gcc-arm-none-eabi-10.3-2021.10/bin/../lib/gcc/arm-none-eabi/10.3.1/../../../../arm-none-eabi/lib/thumb/v7-m/nofp\libc_nano.a(lib_a-memcpy-stub.o)
                              build/sdcard_driver.o (memcpy)
d:/portable programs/stm32-my-toolchain/gcc-arm-none-eabi-10.3-2021.10/bin/../lib/gcc/arm-none-eabi/10.3.1/../../../../arm-none-eabi/lib/thumb/v7-m/nofp\libc_nano.a(lib_a-memset.o)
                              d:/portable programs/stm32-my-toolchain/gcc-arm-none-eabi-10.3-2021.10/bin/../lib/gcc/arm-none-eabi/10.3.1/../../../../arm-none-eabi/lib/thumb/v7-m/nofp/crt0.o (memset)
d:/portable programs/stm32-my-toolchain/gcc-arm-none-eabi-10.3-2021.10/bin/../lib/gcc/arm-none-eabi/10.3.1/../../../../arm-none-eabi/lib/thumb/v7-m/nofp\libnosys.a(_exit.o)
                              d:/portable programs/stm32-my-toolchain/gcc-arm-none-eabi-10.3-2021.10/bin/../lib/gcc/arm-none-eabi/10.3.1/../../../../arm-none-eabi/lib/thumb/v7-m/nofp\libc_nano.a(lib_a-exit.o) (_exit)

Discarded input sections

 .text          0x00000000        0x0 d:/portable programs/stm32-my-toolchain/gcc-arm-none-eabi-10.3-2021.10/bin/../lib/gcc/arm-none-eabi/10.3.1/thumb/v7-m/nofp/crti.o
 .data          0x00000000        0x0 d:/portable programs/stm32-my-toolchain/gcc-arm-none-eabi-10.3-2021.10/bin/../lib/gcc/arm-none-eabi/10.3.1/thumb/v7-m/nofp/crti.o
 .bss           0x00000000        0x0 d:/portable programs/stm32-my-toolchain/gcc-arm-none-eabi-10.3-2021.10/bin/../lib/gcc/arm-none-eabi/10.3.1/thumb/v7-m/nofp/crti.o
 .data          0x00000000        0x4 d:/portable programs/stm32-my-toolchain/gcc-arm-none-eabi-10.3-2021.10/bin/../lib/gcc/arm-none-eabi/10.3.1/thumb/v7-m/nofp/crtbegin.o
 .rodata        0x00000000       0x24 d:/portable programs/stm32-my-toolchain/gcc-arm-none-eabi-10.3-2021.10/bin/../lib/gcc/arm-none-eabi/10.3.1/thumb/v7-m/nofp/crtbegin.o
 .text          0x00000000       0x7c d:/portable programs/stm32-my-toolchain/gcc-arm-none-eabi-10.3-2021.10/bin/../lib/gcc/arm-none-eabi/10.3.1/../../../../arm-none-eabi/lib/thumb/v7-m/nofp/crt0.o
 .data          0x00000000        0x0 d:/portable programs/stm32-my-toolchain/gcc-arm-none-eabi-10.3-2021.10/bin/../lib/gcc/arm-none-eabi/10.3.1/../../../../arm-none-eabi/lib/thumb/v7-m/nofp/crt0.o
 .bss           0x00000000        0x0 d:/portable programs/stm32-my-toolchain/gcc-arm-none-eabi-10.3-2021.10/bin/../lib/gcc/arm-none-eabi/10.3.1/../../../../arm-none-eabi/lib/thumb/v7-m/nofp/crt0.o
 .ARM.extab     0x00000000        0x0 d:/portable programs/stm32-my-toolchain/gcc-arm-none-eabi-10.3-2021.10/bin/../lib/gcc/arm-none-eabi/10.3.1/../../../../arm-none-eabi/lib/thumb/v7-m/nofp/crt0.o
 .ARM.exidx     0x00000000       0x10 d:/portable programs/stm32-my-toolchain/gcc-arm-none-eabi-10.3-2021.10/bin/../lib/gcc/arm-none-eabi/10.3.1/../../../../arm-none-eabi/lib/thumb/v7-m/nofp/crt0.o
 .ARM.attributes
                0x00000000       0x1b d:/portable programs/stm32-my-toolchain/gcc-arm-none-eabi-10.3-2021.10/bin/../lib/gcc/arm-none-eabi/10.3.1/../../../../arm-none-eabi/lib/thumb/v7-m/nofp/crt0.o
 .text          0x00000000        0x0 build/main.o
 .data          0x00000000        0x0 build/main.o
 .bss           0x00000000        0x0 build/main.o
 .text          0x00000000        0x0 build/stm32f1xx_it.o
 .data          0x00000000        0x0 build/stm32f1xx_it.o
 .bss           0x00000000        0x0 build/stm32f1xx_it.o
 .text          0x00000000        0x0 build/stm32f1xx_hal_msp.o
 .data          0x00000000        0x0 build/stm32f1xx_hal_msp.o
 .bss           0x00000000        0x0 build/stm32f1xx_hal_msp.o
 .text.HAL_SPI_MspDeInit
                0x00000000       0x3c build/stm32f1xx_hal_msp.o
[...]
Memory Configuration

Name             Origin             Length             Attributes
RAM              0x20000000         0x00005000         xrw
FLASH            0x08000000         0x00010000         xr
*default*        0x00000000         0xffffffff

Linker script and memory map

LOAD d:/portable programs/stm32-my-toolchain/gcc-arm-none-eabi-10.3-2021.10/bin/../lib/gcc/arm-none-eabi/10.3.1/thumb/v7-m/nofp/crti.o
LOAD d:/portable programs/stm32-my-toolchain/gcc-arm-none-eabi-10.3-2021.10/bin/../lib/gcc/arm-none-eabi/10.3.1/thumb/v7-m/nofp/crtbegin.o
LOAD d:/portable programs/stm32-my-toolchain/gcc-arm-none-eabi-10.3-2021.10/bin/../lib/gcc/arm-none-eabi/10.3.1/../../../../arm-none-eabi/lib/thumb/v7-m/nofp/crt0.o
LOAD build/main.o
LOAD build/stm32f1xx_it.o
LOAD build/stm32f1xx_hal_msp.o
LOAD build/stm32f1xx_hal_gpio_ex.o
LOAD build/stm32f1xx_hal_spi.o
LOAD build/stm32f1xx_hal.o
LOAD build/stm32f1xx_hal_rcc.o
LOAD build/stm32f1xx_hal_rcc_ex.o
LOAD build/stm32f1xx_hal_gpio.o
LOAD build/stm32f1xx_hal_dma.o
LOAD build/stm32f1xx_hal_cortex.o
LOAD build/stm32f1xx_hal_pwr.o
LOAD build/stm32f1xx_hal_flash.o
LOAD build/stm32f1xx_hal_flash_ex.o
LOAD build/stm32f1xx_hal_exti.o
LOAD build/stm32f1xx_hal_tim.o
LOAD build/stm32f1xx_hal_tim_ex.o
LOAD build/system_stm32f1xx.o
LOAD build/sdcard_driver.o
LOAD build/crc-buffer.o
LOAD build/startup_stm32f103xb.o
LOAD d:/portable programs/stm32-my-toolchain/gcc-arm-none-eabi-10.3-2021.10/bin/../lib/gcc/arm-none-eabi/10.3.1/../../../../arm-none-eabi/lib/thumb/v7-m/nofp\libc_nano.a
LOAD d:/portable programs/stm32-my-toolchain/gcc-arm-none-eabi-10.3-2021.10/bin/../lib/gcc/arm-none-eabi/10.3.1/../../../../arm-none-eabi/lib/thumb/v7-m/nofp\libm.a
LOAD d:/portable programs/stm32-my-toolchain/gcc-arm-none-eabi-10.3-2021.10/bin/../lib/gcc/arm-none-eabi/10.3.1/../../../../arm-none-eabi/lib/thumb/v7-m/nofp\libnosys.a
START GROUP
LOAD d:/portable programs/stm32-my-toolchain/gcc-arm-none-eabi-10.3-2021.10/bin/../lib/gcc/arm-none-eabi/10.3.1/thumb/v7-m/nofp\libgcc.a
LOAD d:/portable programs/stm32-my-toolchain/gcc-arm-none-eabi-10.3-2021.10/bin/../lib/gcc/arm-none-eabi/10.3.1/../../../../arm-none-eabi/lib/thumb/v7-m/nofp\libc_nano.a
END GROUP
START GROUP
LOAD d:/portable programs/stm32-my-toolchain/gcc-arm-none-eabi-10.3-2021.10/bin/../lib/gcc/arm-none-eabi/10.3.1/thumb/v7-m/nofp\libgcc.a
LOAD d:/portable programs/stm32-my-toolchain/gcc-arm-none-eabi-10.3-2021.10/bin/../lib/gcc/arm-none-eabi/10.3.1/../../../../arm-none-eabi/lib/thumb/v7-m/nofp\libc_nano.a
END GROUP
LOAD d:/portable programs/stm32-my-toolchain/gcc-arm-none-eabi-10.3-2021.10/bin/../lib/gcc/arm-none-eabi/10.3.1/thumb/v7-m/nofp/crtend.o
LOAD d:/portable programs/stm32-my-toolchain/gcc-arm-none-eabi-10.3-2021.10/bin/../lib/gcc/arm-none-eabi/10.3.1/thumb/v7-m/nofp/crtn.o
                0x20005000                _estack = (ORIGIN (RAM) + LENGTH (RAM))
                0x00000200                _Min_Heap_Size = 0x200
                0x00000400                _Min_Stack_Size = 0x400

.isr_vector     0x08000000      0x10c
                0x08000000                . = ALIGN (0x4)
 *(.isr_vector)
 .isr_vector    0x08000000      0x10c build/startup_stm32f103xb.o
                0x08000000                g_pfnVectors
                0x0800010c                . = ALIGN (0x4)

.text           0x0800010c     0x1cbc
                0x0800010c                . = ALIGN (0x4)
 *(.text)
 .text          0x0800010c       0x40 d:/portable programs/stm32-my-toolchain/gcc-arm-none-eabi-10.3-2021.10/bin/../lib/gcc/arm-none-eabi/10.3.1/thumb/v7-m/nofp/crtbegin.o
 *(.text*)
 .text.main     0x0800014c       0xe0 build/main.o
                0x0800014c                main
 .text.SystemClock_Config
                0x0800022c       0x8a build/main.o
                0x0800022c                SystemClock_Config
 *fill*         0x080002b6        0x2 
 .text.MX_SPI2_Init
                0x080002b8       0x6c build/main.o
 .text.MX_GPIO_Init
                0x08000324       0x98 build/main.o
 .text.receive_byte
                0x080003bc       0x30 build/main.o
                0x080003bc                receive_byte
 .text.receive_bytes
                0x080003ec       0x44 build/main.o
                0x080003ec                receive_bytes
 .text.transmit_bytes
                0x08000430       0x5c build/main.o
                0x08000430                transmit_bytes
 .text.fast_boot
                0x0800048c       0x48 build/main.o
                0x0800048c                fast_boot
 .text.Error_Handler
                0x080004d4        0xa build/main.o
                0x080004d4                Error_Handler
 .text.NMI_Handler
                0x080004de        0x6 build/stm32f1xx_it.o
                0x080004de                NMI_Handler
 .text.HardFault_Handler
                0x080004e4        0x6 build/stm32f1xx_it.o
                0x080004e4                HardFault_Handler
 .text.MemManage_Handler
                0x080004ea        0x6 build/stm32f1xx_it.o
                0x080004ea                MemManage_Handler
 .text.BusFault_Handler
                0x080004f0        0x6 build/stm32f1xx_it.o
                0x080004f0                BusFault_Handler
 .text.UsageFault_Handler
                0x080004f6        0x6 build/stm32f1xx_it.o
                0x080004f6                UsageFault_Handler
 .text.SVC_Handler
                0x080004fc        0xc build/stm32f1xx_it.o
                0x080004fc                SVC_Handler
 .text.DebugMon_Handler
                0x08000508        0xc build/stm32f1xx_it.o
                0x08000508                DebugMon_Handler
 .text.PendSV_Handler
                0x08000514        0xc build/stm32f1xx_it.o
                0x08000514                PendSV_Handler
 .text.SysTick_Handler
                0x08000520        0xc build/stm32f1xx_it.o
                0x08000520                SysTick_Handler
 .text.HAL_MspInit
                0x0800052c       0x64 build/stm32f1xx_hal_msp.o
                0x0800052c                HAL_MspInit
 .text.HAL_SPI_MspInit
                0x08000590       0x98 build/stm32f1xx_hal_msp.o
                0x08000590                HAL_SPI_MspInit
 .text.HAL_SPI_Init
                0x08000628      0x108 build/stm32f1xx_hal_spi.o
                0x08000628                HAL_SPI_Init
 .text.HAL_SPI_Transmit
                0x08000730      0x286 build/stm32f1xx_hal_spi.o
                0x08000730                HAL_SPI_Transmit
 .text.HAL_SPI_TransmitReceive
                0x080009b6      0x360 build/stm32f1xx_hal_spi.o
                0x080009b6                HAL_SPI_TransmitReceive
 *fill*         0x08000d16        0x2 
 .text.SPI_WaitFlagStateUntilTimeout
                0x08000d18      0x110 build/stm32f1xx_hal_spi.o
 .text.SPI_EndRxTxTransaction
                0x08000e28       0x3c build/stm32f1xx_hal_spi.o
 .text.HAL_Init
                0x08000e64       0x2c build/stm32f1xx_hal.o
                0x08000e64                HAL_Init
 .text.HAL_InitTick
                0x08000e90       0x60 build/stm32f1xx_hal.o
                0x08000e90                HAL_InitTick
 .text.HAL_IncTick
                0x08000ef0       0x24 build/stm32f1xx_hal.o
                0x08000ef0                HAL_IncTick
 .text.HAL_GetTick
                0x08000f14       0x14 build/stm32f1xx_hal.o
                0x08000f14                HAL_GetTick
 .text.HAL_RCC_OscConfig
                0x08000f28      0x504 build/stm32f1xx_hal_rcc.o
                0x08000f28                HAL_RCC_OscConfig
 .text.HAL_RCC_ClockConfig
                0x0800142c      0x1d4 build/stm32f1xx_hal_rcc.o
                0x0800142c                HAL_RCC_ClockConfig
 .text.HAL_RCC_GetSysClockFreq
                0x08001600       0xa8 build/stm32f1xx_hal_rcc.o
                0x08001600                HAL_RCC_GetSysClockFreq
 .text.RCC_Delay
                0x080016a8       0x3c build/stm32f1xx_hal_rcc.o
 .text.HAL_GPIO_Init
                0x080016e4      0x308 build/stm32f1xx_hal_gpio.o
                0x080016e4                HAL_GPIO_Init
 .text.HAL_GPIO_WritePin
                0x080019ec       0x30 build/stm32f1xx_hal_gpio.o
                0x080019ec                HAL_GPIO_WritePin
 .text.__NVIC_SetPriorityGrouping
                0x08001a1c       0x48 build/stm32f1xx_hal_cortex.o
 .text.__NVIC_GetPriorityGrouping
                0x08001a64       0x1c build/stm32f1xx_hal_cortex.o
 .text.__NVIC_SetPriority
                0x08001a80       0x54 build/stm32f1xx_hal_cortex.o
 .text.NVIC_EncodePriority
                0x08001ad4       0x64 build/stm32f1xx_hal_cortex.o
 .text.SysTick_Config
                0x08001b38       0x44 build/stm32f1xx_hal_cortex.o
 .text.HAL_NVIC_SetPriorityGrouping
                0x08001b7c       0x16 build/stm32f1xx_hal_cortex.o
                0x08001b7c                HAL_NVIC_SetPriorityGrouping
 .text.HAL_NVIC_SetPriority
                0x08001b92       0x38 build/stm32f1xx_hal_cortex.o
                0x08001b92                HAL_NVIC_SetPriority
 .text.HAL_SYSTICK_Config
                0x08001bca       0x18 build/stm32f1xx_hal_cortex.o
                0x08001bca                HAL_SYSTICK_Config
 .text.SystemInit
                0x08001be2        0xc build/system_stm32f1xx.o
                0x08001be2                SystemInit
 .text.get_cmd  0x08001bee       0x56 build/sdcard_driver.o
                0x08001bee                get_cmd
 .text.crc_buffer_calculate_crc_7
                0x08001c44       0xc8 build/crc-buffer.o
                0x08001c44                crc_buffer_calculate_crc_7
 .text.Reset_Handler
                0x08001d0c       0x48 build/startup_stm32f103xb.o
                0x08001d0c                Reset_Handler
 .text.Default_Handler
                0x08001d54        0x2 build/startup_stm32f103xb.o
                0x08001d54                RTC_Alarm_IRQHandler
                0x08001d54                EXTI2_IRQHandler
                0x08001d54                TIM1_CC_IRQHandler
                0x08001d54                PVD_IRQHandler
                0x08001d54                EXTI3_IRQHandler
                0x08001d54                EXTI0_IRQHandler
                0x08001d54                I2C2_EV_IRQHandler
                0x08001d54                ADC1_2_IRQHandler
                0x08001d54                SPI1_IRQHandler
                0x08001d54                TAMPER_IRQHandler
                0x08001d54                DMA1_Channel4_IRQHandler
                0x08001d54                USART3_IRQHandler
                0x08001d54                RTC_IRQHandler
                0x08001d54                DMA1_Channel7_IRQHandler
                0x08001d54                CAN1_RX1_IRQHandler
                0x08001d54                TIM4_IRQHandler
                0x08001d54                I2C1_EV_IRQHandler
                0x08001d54                DMA1_Channel6_IRQHandler
                0x08001d54                TIM3_IRQHandler
                0x08001d54                RCC_IRQHandler
                0x08001d54                TIM1_TRG_COM_IRQHandler
                0x08001d54                DMA1_Channel1_IRQHandler
                0x08001d54                Default_Handler
                0x08001d54                EXTI15_10_IRQHandler
                0x08001d54                EXTI9_5_IRQHandler
                0x08001d54                SPI2_IRQHandler
                0x08001d54                DMA1_Channel5_IRQHandler
                0x08001d54                EXTI4_IRQHandler
                0x08001d54                USB_LP_CAN1_RX0_IRQHandler
                0x08001d54                USB_HP_CAN1_TX_IRQHandler
                0x08001d54                DMA1_Channel3_IRQHandler
                0x08001d54                TIM1_UP_IRQHandler
                0x08001d54                WWDG_IRQHandler
                0x08001d54                TIM2_IRQHandler
                0x08001d54                TIM1_BRK_IRQHandler
                0x08001d54                EXTI1_IRQHandler
                0x08001d54                USART2_IRQHandler
                0x08001d54                I2C2_ER_IRQHandler
                0x08001d54                DMA1_Channel2_IRQHandler
                0x08001d54                CAN1_SCE_IRQHandler
                0x08001d54                FLASH_IRQHandler
                0x08001d54                USART1_IRQHandler
                0x08001d54                I2C1_ER_IRQHandler
                0x08001d54                USBWakeUp_IRQHandler
 *fill*         0x08001d56        0x2 
 .text.__libc_init_array
                0x08001d58       0x48 d:/portable programs/stm32-my-toolchain/gcc-arm-none-eabi-10.3-2021.10/bin/../lib/gcc/arm-none-eabi/10.3.1/../../../../arm-none-eabi/lib/thumb/v7-m/nofp\libc_nano.a(lib_a-init.o)
                0x08001d58                __libc_init_array
 .text.memset   0x08001da0       0x10 d:/portable programs/stm32-my-toolchain/gcc-arm-none-eabi-10.3-2021.10/bin/../lib/gcc/arm-none-eabi/10.3.1/../../../../arm-none-eabi/lib/thumb/v7-m/nofp\libc_nano.a(lib_a-memset.o)
                0x08001da0                memset
 *(.glue_7)
 .glue_7        0x08001db0        0x0 linker stubs
 *(.glue_7t)
 .glue_7t       0x08001db0        0x0 linker stubs
 *(.eh_frame)
 .eh_frame      0x08001db0        0x0 d:/portable programs/stm32-my-toolchain/gcc-arm-none-eabi-10.3-2021.10/bin/../lib/gcc/arm-none-eabi/10.3.1/thumb/v7-m/nofp/crtbegin.o
 *(.init)
 .init          0x08001db0        0x4 d:/portable programs/stm32-my-toolchain/gcc-arm-none-eabi-10.3-2021.10/bin/../lib/gcc/arm-none-eabi/10.3.1/thumb/v7-m/nofp/crti.o
                0x08001db0                _init
 .init          0x08001db4        0x8 d:/portable programs/stm32-my-toolchain/gcc-arm-none-eabi-10.3-2021.10/bin/../lib/gcc/arm-none-eabi/10.3.1/thumb/v7-m/nofp/crtn.o
 *(.fini)
 .fini          0x08001dbc        0x4 d:/portable programs/stm32-my-toolchain/gcc-arm-none-eabi-10.3-2021.10/bin/../lib/gcc/arm-none-eabi/10.3.1/thumb/v7-m/nofp/crti.o
                0x08001dbc                _fini
 .fini          0x08001dc0        0x8 d:/portable programs/stm32-my-toolchain/gcc-arm-none-eabi-10.3-2021.10/bin/../lib/gcc/arm-none-eabi/10.3.1/thumb/v7-m/nofp/crtn.o
                0x08001dc8                . = ALIGN (0x4)
                0x08001dc8                _etext = .

.vfp11_veneer   0x08001dc8        0x0
 .vfp11_veneer  0x08001dc8        0x0 linker stubs

.v4_bx          0x08001dc8        0x0
 .v4_bx         0x08001dc8        0x0 linker stubs

.iplt           0x08001dc8        0x0
 .iplt          0x08001dc8        0x0 d:/portable programs/stm32-my-toolchain/gcc-arm-none-eabi-10.3-2021.10/bin/../lib/gcc/arm-none-eabi/10.3.1/thumb/v7-m/nofp/crtbegin.o

.rodata         0x08001dc8       0x24
                0x08001dc8                . = ALIGN (0x4)
 *(.rodata)
 *(.rodata*)
 .rodata.aPLLMULFactorTable.1
                0x08001dc8       0x10 build/stm32f1xx_hal_rcc.o
 .rodata.aPredivFactorTable.0
                0x08001dd8        0x2 build/stm32f1xx_hal_rcc.o
 *fill*         0x08001dda        0x2 
 .rodata.AHBPrescTable
                0x08001ddc       0x10 build/system_stm32f1xx.o
                0x08001ddc                AHBPrescTable
                0x08001dec                . = ALIGN (0x4)

.rel.dyn        0x08001dec        0x0
 .rel.iplt      0x08001dec        0x0 d:/portable programs/stm32-my-toolchain/gcc-arm-none-eabi-10.3-2021.10/bin/../lib/gcc/arm-none-eabi/10.3.1/thumb/v7-m/nofp/crtbegin.o

.ARM.extab
 *(.ARM.extab* .gnu.linkonce.armextab.*)

.ARM            0x08001dec        0x0
                0x08001dec                __exidx_start = .
 *(.ARM.exidx*)
                0x08001dec                __exidx_end = .

.preinit_array  0x08001dec        0x0
                0x08001dec                PROVIDE (__preinit_array_start = .)
 *(.preinit_array*)
                0x08001dec                PROVIDE (__preinit_array_end = .)

.init_array     0x08001dec        0x4
                0x08001dec                PROVIDE (__init_array_start = .)
 *(SORT_BY_NAME(.init_array.*))
 *(.init_array*)
 .init_array    0x08001dec        0x4 d:/portable programs/stm32-my-toolchain/gcc-arm-none-eabi-10.3-2021.10/bin/../lib/gcc/arm-none-eabi/10.3.1/thumb/v7-m/nofp/crtbegin.o
                0x08001df0                PROVIDE (__init_array_end = .)

.fini_array     0x08001df0        0x4
                [!provide]                PROVIDE (__fini_array_start = .)
 *(SORT_BY_NAME(.fini_array.*))
 *(.fini_array*)
 .fini_array    0x08001df0        0x4 d:/portable programs/stm32-my-toolchain/gcc-arm-none-eabi-10.3-2021.10/bin/../lib/gcc/arm-none-eabi/10.3.1/thumb/v7-m/nofp/crtbegin.o
                [!provide]                PROVIDE (__fini_array_end = .)
                0x08001df4                _sidata = LOADADDR (.data)

.data           0x20000000        0xc load address 0x08001df4
                0x20000000                . = ALIGN (0x4)
                0x20000000                _sdata = .
 *(.data)
 *(.data*)
 .data.uwTickPrio
                0x20000000        0x4 build/stm32f1xx_hal.o
                0x20000000                uwTickPrio
 .data.uwTickFreq
                0x20000004        0x1 build/stm32f1xx_hal.o
                0x20000004                uwTickFreq
 *fill*         0x20000005        0x3 
 .data.SystemCoreClock
                0x20000008        0x4 build/system_stm32f1xx.o
                0x20000008                SystemCoreClock
                0x2000000c                . = ALIGN (0x4)
                0x2000000c                _edata = .

.igot.plt       0x2000000c        0x0 load address 0x08001e00
 .igot.plt      0x2000000c        0x0 d:/portable programs/stm32-my-toolchain/gcc-arm-none-eabi-10.3-2021.10/bin/../lib/gcc/arm-none-eabi/10.3.1/thumb/v7-m/nofp/crtbegin.o
                0x2000000c                . = ALIGN (0x4)

.bss            0x2000000c       0x78 load address 0x08001e00
                0x2000000c                _sbss = .
                0x2000000c                __bss_start__ = _sbss
 *(.bss)
 .bss           0x2000000c       0x1c d:/portable programs/stm32-my-toolchain/gcc-arm-none-eabi-10.3-2021.10/bin/../lib/gcc/arm-none-eabi/10.3.1/thumb/v7-m/nofp/crtbegin.o
 *(.bss*)
 .bss.hspi2     0x20000028       0x58 build/main.o
                0x20000028                hspi2
 .bss.uwTick    0x20000080        0x4 build/stm32f1xx_hal.o
                0x20000080                uwTick
 *(COMMON)
                0x20000084                . = ALIGN (0x4)
                0x20000084                _ebss = .
                0x20000084                __bss_end__ = _ebss

._user_heap_stack
                0x20000084      0x604 load address 0x08001e00
                0x20000088                . = ALIGN (0x8)
 *fill*         0x20000084        0x4 
                [!provide]                PROVIDE (end = .)
                [!provide]                PROVIDE (_end = .)
                0x20000288                . = (. + _Min_Heap_Size)
 *fill*         0x20000088      0x200 
                0x20000688                . = (. + _Min_Stack_Size)
 *fill*         0x20000288      0x400 
                0x20000688                . = ALIGN (0x8)

/DISCARD/
 libc.a(*)
 libm.a(*)
 libgcc.a(*)

.ARM.attributes
                0x00000000       0x29
 *(.ARM.attributes)
 .ARM.attributes
                0x00000000       0x1d d:/portable programs/stm32-my-toolchain/gcc-arm-none-eabi-10.3-2021.10/bin/../lib/gcc/arm-none-eabi/10.3.1/thumb/v7-m/nofp/crti.o
 .ARM.attributes
                0x0000001d       0x2d d:/portable programs/stm32-my-toolchain/gcc-arm-none-eabi-10.3-2021.10/bin/../lib/gcc/arm-none-eabi/10.3.1/thumb/v7-m/nofp/crtbegin.o
 .ARM.attributes
                0x0000004a       0x2d build/main.o
 .ARM.attributes
                0x00000077       0x2d build/stm32f1xx_it.o
 .ARM.attributes
                0x000000a4       0x2d build/stm32f1xx_hal_msp.o
 .ARM.attributes
                0x000000d1       0x2d build/stm32f1xx_hal_spi.o
 .ARM.attributes
                0x000000fe       0x2d build/stm32f1xx_hal.o
 .ARM.attributes
                0x0000012b       0x2d build/stm32f1xx_hal_rcc.o
 .ARM.attributes
                0x00000158       0x2d build/stm32f1xx_hal_gpio.o
 .ARM.attributes
                0x00000185       0x2d build/stm32f1xx_hal_cortex.o
 .ARM.attributes
                0x000001b2       0x2d build/system_stm32f1xx.o
 .ARM.attributes
                0x000001df       0x2d build/sdcard_driver.o
 .ARM.attributes
                0x0000020c       0x2d build/crc-buffer.o
 .ARM.attributes
                0x00000239       0x21 build/startup_stm32f103xb.o
 .ARM.attributes
                0x0000025a       0x2d d:/portable programs/stm32-my-toolchain/gcc-arm-none-eabi-10.3-2021.10/bin/../lib/gcc/arm-none-eabi/10.3.1/../../../../arm-none-eabi/lib/thumb/v7-m/nofp\libc_nano.a(lib_a-init.o)
 .ARM.attributes
                0x00000287       0x2d d:/portable programs/stm32-my-toolchain/gcc-arm-none-eabi-10.3-2021.10/bin/../lib/gcc/arm-none-eabi/10.3.1/../../../../arm-none-eabi/lib/thumb/v7-m/nofp\libc_nano.a(lib_a-memset.o)
 .ARM.attributes
                0x000002b4       0x1d d:/portable programs/stm32-my-toolchain/gcc-arm-none-eabi-10.3-2021.10/bin/../lib/gcc/arm-none-eabi/10.3.1/thumb/v7-m/nofp/crtn.o
OUTPUT(build/SDCardEd.elf elf32-littlearm)
LOAD linker stubs
LOAD d:/portable programs/stm32-my-toolchain/gcc-arm-none-eabi-10.3-2021.10/bin/../lib/gcc/arm-none-eabi/10.3.1/../../../../arm-none-eabi/lib/thumb/v7-m/nofp\libc.a
LOAD d:/portable programs/stm32-my-toolchain/gcc-arm-none-eabi-10.3-2021.10/bin/../lib/gcc/arm-none-eabi/10.3.1/../../../../arm-none-eabi/lib/thumb/v7-m/nofp\libm.a
LOAD d:/portable programs/stm32-my-toolchain/gcc-arm-none-eabi-10.3-2021.10/bin/../lib/gcc/arm-none-eabi/10.3.1/thumb/v7-m/nofp\libgcc.a

.debug_info     0x00000000     0x6061
 .debug_info    0x00000000      0xce4 build/main.o
 .debug_info    0x00000ce4      0x146 build/stm32f1xx_it.o
 .debug_info    0x00000e2a      0x90b build/stm32f1xx_hal_msp.o
 .debug_info    0x00001735     0x176f build/stm32f1xx_hal_spi.o
 .debug_info    0x00002ea4      0x798 build/stm32f1xx_hal.o
 .debug_info    0x0000363c      0x8d0 build/stm32f1xx_hal_rcc.o
 .debug_info    0x00003f0c      0x67d build/stm32f1xx_hal_gpio.o
 .debug_info    0x00004589      0xbf5 build/stm32f1xx_hal_cortex.o
 .debug_info    0x0000517e      0x261 build/system_stm32f1xx.o
 .debug_info    0x000053df      0xa30 build/sdcard_driver.o
 .debug_info    0x00005e0f      0x230 build/crc-buffer.o
 .debug_info    0x0000603f       0x22 build/startup_stm32f103xb.o

.debug_abbrev   0x00000000     0x12e2
 .debug_abbrev  0x00000000      0x268 build/main.o
 .debug_abbrev  0x00000268       0x60 build/stm32f1xx_it.o
 .debug_abbrev  0x000002c8      0x17e build/stm32f1xx_hal_msp.o
 .debug_abbrev  0x00000446      0x241 build/stm32f1xx_hal_spi.o
 .debug_abbrev  0x00000687      0x1c7 build/stm32f1xx_hal.o
 .debug_abbrev  0x0000084e      0x25f build/stm32f1xx_hal_rcc.o
 .debug_abbrev  0x00000aad      0x1ba build/stm32f1xx_hal_gpio.o
 .debug_abbrev  0x00000c67      0x2ca build/stm32f1xx_hal_cortex.o
 .debug_abbrev  0x00000f31      0x13a build/system_stm32f1xx.o
 .debug_abbrev  0x0000106b      0x190 build/sdcard_driver.o
 .debug_abbrev  0x000011fb       0xd5 build/crc-buffer.o
 .debug_abbrev  0x000012d0       0x12 build/startup_stm32f103xb.o

.debug_loc      0x00000000     0x308c
 .debug_loc     0x00000000      0x272 build/main.o
 .debug_loc     0x00000272      0x1d4 build/stm32f1xx_it.o
 .debug_loc     0x00000446       0xfc build/stm32f1xx_hal_msp.o
 .debug_loc     0x00000542     0x1208 build/stm32f1xx_hal_spi.o
 .debug_loc     0x0000174a      0x698 build/stm32f1xx_hal.o
 .debug_loc     0x00001de2      0x444 build/stm32f1xx_hal_rcc.o
 .debug_loc     0x00002226      0x2d4 build/stm32f1xx_hal_gpio.o
 .debug_loc     0x000024fa      0x8f8 build/stm32f1xx_hal_cortex.o
 .debug_loc     0x00002df2       0xa0 build/system_stm32f1xx.o
 .debug_loc     0x00002e92      0x142 build/sdcard_driver.o
 .debug_loc     0x00002fd4       0xb8 build/crc-buffer.o

.debug_aranges  0x00000000      0x638
 .debug_aranges
                0x00000000       0x60 build/main.o
 .debug_aranges
                0x00000060       0x60 build/stm32f1xx_it.o
 .debug_aranges
                0x000000c0       0x30 build/stm32f1xx_hal_msp.o
 .debug_aranges
                0x000000f0      0x1d0 build/stm32f1xx_hal_spi.o
 .debug_aranges
                0x000002c0       0xe0 build/stm32f1xx_hal.o
 .debug_aranges
                0x000003a0       0x90 build/stm32f1xx_hal_rcc.o
 .debug_aranges
                0x00000430       0x58 build/stm32f1xx_hal_gpio.o
 .debug_aranges
                0x00000488      0x100 build/stm32f1xx_hal_cortex.o
 .debug_aranges
                0x00000588       0x28 build/system_stm32f1xx.o
 .debug_aranges
                0x000005b0       0x38 build/sdcard_driver.o
 .debug_aranges
                0x000005e8       0x28 build/crc-buffer.o
 .debug_aranges
                0x00000610       0x28 build/startup_stm32f103xb.o

.debug_ranges   0x00000000      0x580
 .debug_ranges  0x00000000       0x50 build/main.o
 .debug_ranges  0x00000050       0x50 build/stm32f1xx_it.o
 .debug_ranges  0x000000a0       0x20 build/stm32f1xx_hal_msp.o
 .debug_ranges  0x000000c0      0x1c0 build/stm32f1xx_hal_spi.o
 .debug_ranges  0x00000280       0xd0 build/stm32f1xx_hal.o
 .debug_ranges  0x00000350       0x80 build/stm32f1xx_hal_rcc.o
 .debug_ranges  0x000003d0       0x48 build/stm32f1xx_hal_gpio.o
 .debug_ranges  0x00000418       0xf0 build/stm32f1xx_hal_cortex.o
 .debug_ranges  0x00000508       0x18 build/system_stm32f1xx.o
 .debug_ranges  0x00000520       0x28 build/sdcard_driver.o
 .debug_ranges  0x00000548       0x18 build/crc-buffer.o
 .debug_ranges  0x00000560       0x20 build/startup_stm32f103xb.o

.debug_line     0x00000000     0x408e
 .debug_line    0x00000000      0x474 build/main.o
 .debug_line    0x00000474      0x106 build/stm32f1xx_it.o
 .debug_line    0x0000057a      0x24a build/stm32f1xx_hal_msp.o
 .debug_line    0x000007c4     0x1739 build/stm32f1xx_hal_spi.o
 .debug_line    0x00001efd      0x4b2 build/stm32f1xx_hal.o
 .debug_line    0x000023af      0x8f2 build/stm32f1xx_hal_rcc.o
 .debug_line    0x00002ca1      0x516 build/stm32f1xx_hal_gpio.o
 .debug_line    0x000031b7      0x648 build/stm32f1xx_hal_cortex.o
 .debug_line    0x000037ff      0x225 build/system_stm32f1xx.o
 .debug_line    0x00003a24      0x370 build/sdcard_driver.o
 .debug_line    0x00003d94      0x286 build/crc-buffer.o
 .debug_line    0x0000401a       0x74 build/startup_stm32f103xb.o

.debug_str      0x00000000     0x1e10
 .debug_str     0x00000000      0x800 build/main.o
                                0x8b5 (size before relaxing)
 .debug_str     0x00000800       0xa8 build/stm32f1xx_it.o
                                0x200 (size before relaxing)
 .debug_str     0x000008a8       0x7e build/stm32f1xx_hal_msp.o
                                0x646 (size before relaxing)
 .debug_str     0x00000926      0x54d build/stm32f1xx_hal_spi.o
                                0xb15 (size before relaxing)
 .debug_str     0x00000e73      0x5a9 build/stm32f1xx_hal.o
                                0x7c9 (size before relaxing)
 .debug_str     0x0000141c      0x228 build/stm32f1xx_hal_rcc.o
                                0x5ee (size before relaxing)
 .debug_str     0x00001644      0x147 build/stm32f1xx_hal_gpio.o
                                0x3ea (size before relaxing)
 .debug_str     0x0000178b      0x407 build/stm32f1xx_hal_cortex.o
                                0x8bd (size before relaxing)
 .debug_str     0x00001b92       0x4f build/system_stm32f1xx.o
                                0x23e (size before relaxing)
 .debug_str     0x00001be1      0x176 build/sdcard_driver.o
                                0x816 (size before relaxing)
 .debug_str     0x00001d57       0x95 build/crc-buffer.o
                                0x220 (size before relaxing)
 .debug_str     0x00001dec       0x24 build/startup_stm32f103xb.o
                                 0x5d (size before relaxing)

.comment        0x00000000       0x49
 .comment       0x00000000       0x49 build/main.o
                                 0x4a (size before relaxing)
 .comment       0x00000049       0x4a build/stm32f1xx_it.o
 .comment       0x00000049       0x4a build/stm32f1xx_hal_msp.o
 .comment       0x00000049       0x4a build/stm32f1xx_hal_spi.o
 .comment       0x00000049       0x4a build/stm32f1xx_hal.o
 .comment       0x00000049       0x4a build/stm32f1xx_hal_rcc.o
 .comment       0x00000049       0x4a build/stm32f1xx_hal_gpio.o
 .comment       0x00000049       0x4a build/stm32f1xx_hal_cortex.o
 .comment       0x00000049       0x4a build/system_stm32f1xx.o
 .comment       0x00000049       0x4a build/sdcard_driver.o
 .comment       0x00000049       0x4a build/crc-buffer.o

.debug_frame    0x00000000     0x1748
 .debug_frame   0x00000000      0x13c build/main.o
 .debug_frame   0x0000013c      0x104 build/stm32f1xx_it.o
 .debug_frame   0x00000240       0x80 build/stm32f1xx_hal_msp.o
 .debug_frame   0x000002c0      0x824 build/stm32f1xx_hal_spi.o
 .debug_frame   0x00000ae4      0x334 build/stm32f1xx_hal.o
 .debug_frame   0x00000e18      0x218 build/stm32f1xx_hal_rcc.o
 .debug_frame   0x00001030      0x14c build/stm32f1xx_hal_gpio.o
 .debug_frame   0x0000117c      0x428 build/stm32f1xx_hal_cortex.o
 .debug_frame   0x000015a4       0x58 build/system_stm32f1xx.o
 .debug_frame   0x000015fc       0xa0 build/sdcard_driver.o
 .debug_frame   0x0000169c       0x60 build/crc-buffer.o
 .debug_frame   0x000016fc       0x2c d:/portable programs/stm32-my-toolchain/gcc-arm-none-eabi-10.3-2021.10/bin/../lib/gcc/arm-none-eabi/10.3.1/../../../../arm-none-eabi/lib/thumb/v7-m/nofp\libc_nano.a(lib_a-init.o)
 .debug_frame   0x00001728       0x20 d:/portable programs/stm32-my-toolchain/gcc-arm-none-eabi-10.3-2021.10/bin/../lib/gcc/arm-none-eabi/10.3.1/../../../../arm-none-eabi/lib/thumb/v7-m/nofp\libc_nano.a(lib_a-memset.o)

Cross Reference Table

Symbol                                            File
ADC1_2_IRQHandler                                 build/startup_stm32f103xb.o
AHBPrescTable                                     build/system_stm32f1xx.o
                                                  build/stm32f1xx_hal_rcc.o
APBPrescTable                                     build/system_stm32f1xx.o
                                                  build/stm32f1xx_hal_rcc.o
BusFault_Handler                                  build/stm32f1xx_it.o
CAN1_RX1_IRQHandler                               build/startup_stm32f103xb.o
CAN1_SCE_IRQHandler                               build/startup_stm32f103xb.o
DMA1_Channel1_IRQHandler                          build/startup_stm32f103xb.o
DMA1_Channel2_IRQHandler                          build/startup_stm32f103xb.o
DMA1_Channel3_IRQHandler                          build/startup_stm32f103xb.o
DMA1_Channel4_IRQHandler                          build/startup_stm32f103xb.o
DMA1_Channel5_IRQHandler                          build/startup_stm32f103xb.o
DMA1_Channel6_IRQHandler                          build/startup_stm32f103xb.o
DMA1_Channel7_IRQHandler                          build/startup_stm32f103xb.o
DebugMon_Handler                                  build/stm32f1xx_it.o
Default_Handler                                   build/startup_stm32f103xb.o
EXTI0_IRQHandler                                  build/startup_stm32f103xb.o
EXTI15_10_IRQHandler                              build/startup_stm32f103xb.o
EXTI1_IRQHandler                                  build/startup_stm32f103xb.o
EXTI2_IRQHandler                                  build/startup_stm32f103xb.o
EXTI3_IRQHandler                                  build/startup_stm32f103xb.o
EXTI4_IRQHandler                                  build/startup_stm32f103xb.o
EXTI9_5_IRQHandler                                build/startup_stm32f103xb.o
Error_Handler                                     build/main.o
FLASH_IRQHandler                                  build/startup_stm32f103xb.o
FLASH_PageErase                                   build/stm32f1xx_hal_flash_ex.o
                                                  build/stm32f1xx_hal_flash.o
FLASH_WaitForLastOperation                        build/stm32f1xx_hal_flash.o
                                                  build/stm32f1xx_hal_flash_ex.o
HAL_DBGMCU_DisableDBGSleepMode                    build/stm32f1xx_hal.o
HAL_DBGMCU_DisableDBGStandbyMode                  build/stm32f1xx_hal.o
HAL_DBGMCU_DisableDBGStopMode                     build/stm32f1xx_hal.o
HAL_DBGMCU_EnableDBGSleepMode                     build/stm32f1xx_hal.o
HAL_DBGMCU_EnableDBGStandbyMode                   build/stm32f1xx_hal.o
HAL_DBGMCU_EnableDBGStopMode                      build/stm32f1xx_hal.o
HAL_DMA_Abort                                     build/stm32f1xx_hal_dma.o
                                                  build/stm32f1xx_hal_spi.o
HAL_DMA_Abort_IT                                  build/stm32f1xx_hal_dma.o
                                                  build/stm32f1xx_hal_spi.o
HAL_DMA_DeInit                                    build/stm32f1xx_hal_dma.o
HAL_DMA_GetError                                  build/stm32f1xx_hal_dma.o
HAL_DMA_GetState                                  build/stm32f1xx_hal_dma.o
HAL_DMA_IRQHandler                                build/stm32f1xx_hal_dma.o
HAL_DMA_Init                                      build/stm32f1xx_hal_dma.o
HAL_DMA_PollForTransfer                           build/stm32f1xx_hal_dma.o
HAL_DMA_RegisterCallback                          build/stm32f1xx_hal_dma.o
HAL_DMA_Start                                     build/stm32f1xx_hal_dma.o
HAL_DMA_Start_IT                                  build/stm32f1xx_hal_dma.o
                                                  build/stm32f1xx_hal_spi.o
HAL_DMA_UnRegisterCallback                        build/stm32f1xx_hal_dma.o
HAL_DeInit                                        build/stm32f1xx_hal.o
HAL_Delay                                         build/stm32f1xx_hal.o
HAL_EXTI_ClearConfigLine                          build/stm32f1xx_hal_exti.o
HAL_EXTI_ClearPending                             build/stm32f1xx_hal_exti.o
HAL_EXTI_GenerateSWI                              build/stm32f1xx_hal_exti.o
HAL_EXTI_GetConfigLine                            build/stm32f1xx_hal_exti.o
HAL_EXTI_GetHandle                                build/stm32f1xx_hal_exti.o
HAL_EXTI_GetPending                               build/stm32f1xx_hal_exti.o
HAL_EXTI_IRQHandler                               build/stm32f1xx_hal_exti.o
HAL_EXTI_RegisterCallback                         build/stm32f1xx_hal_exti.o
HAL_EXTI_SetConfigLine                            build/stm32f1xx_hal_exti.o
HAL_FLASHEx_Erase                                 build/stm32f1xx_hal_flash_ex.o
HAL_FLASHEx_Erase_IT                              build/stm32f1xx_hal_flash_ex.o
HAL_FLASHEx_OBErase                               build/stm32f1xx_hal_flash_ex.o
HAL_FLASHEx_OBGetConfig                           build/stm32f1xx_hal_flash_ex.o
HAL_FLASHEx_OBGetUserData                         build/stm32f1xx_hal_flash_ex.o
HAL_FLASHEx_OBProgram                             build/stm32f1xx_hal_flash_ex.o
HAL_FLASH_EndOfOperationCallback                  build/stm32f1xx_hal_flash.o
HAL_FLASH_GetError                                build/stm32f1xx_hal_flash.o
HAL_FLASH_IRQHandler                              build/stm32f1xx_hal_flash.o
HAL_FLASH_Lock                                    build/stm32f1xx_hal_flash.o
HAL_FLASH_OB_Launch                               build/stm32f1xx_hal_flash.o
HAL_FLASH_OB_Lock                                 build/stm32f1xx_hal_flash.o
HAL_FLASH_OB_Unlock                               build/stm32f1xx_hal_flash.o
HAL_FLASH_OperationErrorCallback                  build/stm32f1xx_hal_flash.o
HAL_FLASH_Program                                 build/stm32f1xx_hal_flash.o
HAL_FLASH_Program_IT                              build/stm32f1xx_hal_flash.o
HAL_FLASH_Unlock                                  build/stm32f1xx_hal_flash.o
HAL_GPIOEx_ConfigEventout                         build/stm32f1xx_hal_gpio_ex.o
HAL_GPIOEx_DisableEventout                        build/stm32f1xx_hal_gpio_ex.o
HAL_GPIOEx_EnableEventout                         build/stm32f1xx_hal_gpio_ex.o
HAL_GPIO_DeInit                                   build/stm32f1xx_hal_gpio.o
                                                  build/stm32f1xx_hal_msp.o
HAL_GPIO_EXTI_Callback                            build/stm32f1xx_hal_gpio.o
HAL_GPIO_EXTI_IRQHandler                          build/stm32f1xx_hal_gpio.o
HAL_GPIO_Init                                     build/stm32f1xx_hal_gpio.o
                                                  build/stm32f1xx_hal_rcc.o
                                                  build/stm32f1xx_hal_msp.o
                                                  build/main.o
HAL_GPIO_LockPin                                  build/stm32f1xx_hal_gpio.o
HAL_GPIO_ReadPin                                  build/stm32f1xx_hal_gpio.o
HAL_GPIO_TogglePin                                build/stm32f1xx_hal_gpio.o
HAL_GPIO_WritePin                                 build/stm32f1xx_hal_gpio.o
                                                  build/sdcard_driver.o
                                                  build/main.o
HAL_GetDEVID                                      build/stm32f1xx_hal.o
HAL_GetHalVersion                                 build/stm32f1xx_hal.o
HAL_GetREVID                                      build/stm32f1xx_hal.o
HAL_GetTick                                       build/stm32f1xx_hal.o
                                                  build/sdcard_driver.o
                                                  build/stm32f1xx_hal_flash.o
                                                  build/stm32f1xx_hal_dma.o
                                                  build/stm32f1xx_hal_rcc_ex.o
                                                  build/stm32f1xx_hal_rcc.o
                                                  build/stm32f1xx_hal_spi.o
HAL_GetTickFreq                                   build/stm32f1xx_hal.o
HAL_GetTickPrio                                   build/stm32f1xx_hal.o
HAL_GetUIDw0                                      build/stm32f1xx_hal.o
HAL_GetUIDw1                                      build/stm32f1xx_hal.o
HAL_GetUIDw2                                      build/stm32f1xx_hal.o
HAL_IncTick                                       build/stm32f1xx_hal.o
                                                  build/stm32f1xx_it.o
HAL_Init                                          build/stm32f1xx_hal.o
                                                  build/main.o
HAL_InitTick                                      build/stm32f1xx_hal.o
                                                  build/stm32f1xx_hal_rcc.o
HAL_MspDeInit                                     build/stm32f1xx_hal.o
HAL_MspInit                                       build/stm32f1xx_hal_msp.o
HAL_NVIC_ClearPendingIRQ                          build/stm32f1xx_hal_cortex.o
HAL_NVIC_DisableIRQ                               build/stm32f1xx_hal_cortex.o
HAL_NVIC_EnableIRQ                                build/stm32f1xx_hal_cortex.o
HAL_NVIC_GetActive                                build/stm32f1xx_hal_cortex.o
HAL_NVIC_GetPendingIRQ                            build/stm32f1xx_hal_cortex.o
HAL_NVIC_GetPriority                              build/stm32f1xx_hal_cortex.o
HAL_NVIC_GetPriorityGrouping                      build/stm32f1xx_hal_cortex.o
HAL_NVIC_SetPendingIRQ                            build/stm32f1xx_hal_cortex.o
HAL_NVIC_SetPriority                              build/stm32f1xx_hal_cortex.o
                                                  build/stm32f1xx_hal.o
HAL_NVIC_SetPriorityGrouping                      build/stm32f1xx_hal_cortex.o
                                                  build/stm32f1xx_hal.o
HAL_NVIC_SystemReset                              build/stm32f1xx_hal_cortex.o
                                                  build/stm32f1xx_hal_flash.o
HAL_PWR_ConfigPVD                                 build/stm32f1xx_hal_pwr.o
HAL_PWR_DeInit                                    build/stm32f1xx_hal_pwr.o
HAL_PWR_DisableBkUpAccess                         build/stm32f1xx_hal_pwr.o
HAL_PWR_DisablePVD                                build/stm32f1xx_hal_pwr.o
HAL_PWR_DisableSEVOnPend                          build/stm32f1xx_hal_pwr.o
HAL_PWR_DisableSleepOnExit                        build/stm32f1xx_hal_pwr.o
HAL_PWR_DisableWakeUpPin                          build/stm32f1xx_hal_pwr.o
HAL_PWR_EnableBkUpAccess                          build/stm32f1xx_hal_pwr.o
HAL_PWR_EnablePVD                                 build/stm32f1xx_hal_pwr.o
HAL_PWR_EnableSEVOnPend                           build/stm32f1xx_hal_pwr.o
HAL_PWR_EnableSleepOnExit                         build/stm32f1xx_hal_pwr.o
HAL_PWR_EnableWakeUpPin                           build/stm32f1xx_hal_pwr.o
HAL_PWR_EnterSLEEPMode                            build/stm32f1xx_hal_pwr.o
HAL_PWR_EnterSTANDBYMode                          build/stm32f1xx_hal_pwr.o
HAL_PWR_EnterSTOPMode                             build/stm32f1xx_hal_pwr.o
HAL_PWR_PVDCallback                               build/stm32f1xx_hal_pwr.o
HAL_PWR_PVD_IRQHandler                            build/stm32f1xx_hal_pwr.o
HAL_RCCEx_GetPeriphCLKConfig                      build/stm32f1xx_hal_rcc_ex.o
HAL_RCCEx_GetPeriphCLKFreq                        build/stm32f1xx_hal_rcc_ex.o
HAL_RCCEx_PeriphCLKConfig                         build/stm32f1xx_hal_rcc_ex.o
HAL_RCC_CSSCallback                               build/stm32f1xx_hal_rcc.o
HAL_RCC_ClockConfig                               build/stm32f1xx_hal_rcc.o
                                                  build/main.o
HAL_RCC_DeInit                                    build/stm32f1xx_hal_rcc.o
HAL_RCC_DisableCSS                                build/stm32f1xx_hal_rcc.o
HAL_RCC_EnableCSS                                 build/stm32f1xx_hal_rcc.o
HAL_RCC_GetClockConfig                            build/stm32f1xx_hal_rcc.o
HAL_RCC_GetHCLKFreq                               build/stm32f1xx_hal_rcc.o
HAL_RCC_GetOscConfig                              build/stm32f1xx_hal_rcc.o
HAL_RCC_GetPCLK1Freq                              build/stm32f1xx_hal_rcc.o
HAL_RCC_GetPCLK2Freq                              build/stm32f1xx_hal_rcc.o
                                                  build/stm32f1xx_hal_rcc_ex.o
HAL_RCC_GetSysClockFreq                           build/stm32f1xx_hal_rcc.o
HAL_RCC_MCOConfig                                 build/stm32f1xx_hal_rcc.o
HAL_RCC_NMI_IRQHandler                            build/stm32f1xx_hal_rcc.o
HAL_RCC_OscConfig                                 build/stm32f1xx_hal_rcc.o
                                                  build/main.o
HAL_ResumeTick                                    build/stm32f1xx_hal.o
HAL_SPI_Abort                                     build/stm32f1xx_hal_spi.o
HAL_SPI_AbortCpltCallback                         build/stm32f1xx_hal_spi.o
HAL_SPI_Abort_IT                                  build/stm32f1xx_hal_spi.o
HAL_SPI_DMAPause                                  build/stm32f1xx_hal_spi.o
HAL_SPI_DMAResume                                 build/stm32f1xx_hal_spi.o
HAL_SPI_DMAStop                                   build/stm32f1xx_hal_spi.o
HAL_SPI_DeInit                                    build/stm32f1xx_hal_spi.o
HAL_SPI_ErrorCallback                             build/stm32f1xx_hal_spi.o
HAL_SPI_GetError                                  build/stm32f1xx_hal_spi.o
HAL_SPI_GetState                                  build/stm32f1xx_hal_spi.o
HAL_SPI_IRQHandler                                build/stm32f1xx_hal_spi.o
HAL_SPI_Init                                      build/stm32f1xx_hal_spi.o
                                                  build/main.o
HAL_SPI_MspDeInit                                 build/stm32f1xx_hal_msp.o
HAL_SPI_MspInit                                   build/stm32f1xx_hal_msp.o
HAL_SPI_Receive                                   build/stm32f1xx_hal_spi.o
                                                  build/sdcard_driver.o
HAL_SPI_Receive_DMA                               build/stm32f1xx_hal_spi.o
HAL_SPI_Receive_IT                                build/stm32f1xx_hal_spi.o
HAL_SPI_RxCpltCallback                            build/stm32f1xx_hal_spi.o
HAL_SPI_RxHalfCpltCallback                        build/stm32f1xx_hal_spi.o
HAL_SPI_Transmit                                  build/stm32f1xx_hal_spi.o
                                                  build/sdcard_driver.o
                                                  build/main.o
HAL_SPI_TransmitReceive                           build/stm32f1xx_hal_spi.o
                                                  build/main.o
HAL_SPI_TransmitReceive_DMA                       build/stm32f1xx_hal_spi.o
HAL_SPI_TransmitReceive_IT                        build/stm32f1xx_hal_spi.o
HAL_SPI_Transmit_DMA                              build/stm32f1xx_hal_spi.o
HAL_SPI_Transmit_IT                               build/stm32f1xx_hal_spi.o
HAL_SPI_TxCpltCallback                            build/stm32f1xx_hal_spi.o
HAL_SPI_TxHalfCpltCallback                        build/stm32f1xx_hal_spi.o
HAL_SPI_TxRxCpltCallback                          build/stm32f1xx_hal_spi.o
HAL_SPI_TxRxHalfCpltCallback                      build/stm32f1xx_hal_spi.o
HAL_SYSTICK_CLKSourceConfig                       build/stm32f1xx_hal_cortex.o
HAL_SYSTICK_Callback                              build/stm32f1xx_hal_cortex.o
HAL_SYSTICK_Config                                build/stm32f1xx_hal_cortex.o
                                                  build/stm32f1xx_hal.o
HAL_SYSTICK_IRQHandler                            build/stm32f1xx_hal_cortex.o
HAL_SetTickFreq                                   build/stm32f1xx_hal.o
HAL_SuspendTick                                   build/stm32f1xx_hal.o
HardFault_Handler                                 build/stm32f1xx_it.o
I2C1_ER_IRQHandler                                build/startup_stm32f103xb.o
I2C1_EV_IRQHandler                                build/startup_stm32f103xb.o
I2C2_ER_IRQHandler                                build/startup_stm32f103xb.o
I2C2_EV_IRQHandler                                build/startup_stm32f103xb.o
MemManage_Handler                                 build/stm32f1xx_it.o
NMI_Handler                                       build/stm32f1xx_it.o
PVD_IRQHandler                                    build/startup_stm32f103xb.o
PendSV_Handler                                    build/stm32f1xx_it.o
RCC_IRQHandler                                    build/startup_stm32f103xb.o
RTC_Alarm_IRQHandler                              build/startup_stm32f103xb.o
RTC_IRQHandler                                    build/startup_stm32f103xb.o
Reset_Handler                                     build/startup_stm32f103xb.o
SPI1_IRQHandler                                   build/startup_stm32f103xb.o
SPI2_IRQHandler                                   build/startup_stm32f103xb.o
SVC_Handler                                       build/stm32f1xx_it.o
SysTick_Handler                                   build/stm32f1xx_it.o
SystemClock_Config                                build/main.o
SystemCoreClock                                   build/system_stm32f1xx.o
                                                  build/stm32f1xx_hal_rcc.o
                                                  build/stm32f1xx_hal.o
                                                  build/stm32f1xx_hal_spi.o
SystemCoreClockUpdate                             build/system_stm32f1xx.o
SystemInit                                        build/system_stm32f1xx.o
                                                  build/startup_stm32f103xb.o
TAMPER_IRQHandler                                 build/startup_stm32f103xb.o
TIM1_BRK_IRQHandler                               build/startup_stm32f103xb.o
TIM1_CC_IRQHandler                                build/startup_stm32f103xb.o
TIM1_TRG_COM_IRQHandler                           build/startup_stm32f103xb.o
TIM1_UP_IRQHandler                                build/startup_stm32f103xb.o
TIM2_IRQHandler                                   build/startup_stm32f103xb.o
TIM3_IRQHandler                                   build/startup_stm32f103xb.o
TIM4_IRQHandler                                   build/startup_stm32f103xb.o
USART1_IRQHandler                                 build/startup_stm32f103xb.o
USART2_IRQHandler                                 build/startup_stm32f103xb.o
USART3_IRQHandler                                 build/startup_stm32f103xb.o
USBWakeUp_IRQHandler                              build/startup_stm32f103xb.o
USB_HP_CAN1_TX_IRQHandler                         build/startup_stm32f103xb.o
USB_LP_CAN1_RX0_IRQHandler                        build/startup_stm32f103xb.o
UsageFault_Handler                                build/stm32f1xx_it.o
WWDG_IRQHandler                                   build/startup_stm32f103xb.o
__bss_end__                                       d:/portable programs/stm32-my-toolchain/gcc-arm-none-eabi-10.3-2021.10/bin/../lib/gcc/arm-none-eabi/10.3.1/../../../../arm-none-eabi/lib/thumb/v7-m/nofp/crt0.o
__bss_start__                                     d:/portable programs/stm32-my-toolchain/gcc-arm-none-eabi-10.3-2021.10/bin/../lib/gcc/arm-none-eabi/10.3.1/../../../../arm-none-eabi/lib/thumb/v7-m/nofp/crt0.o
__call_exitprocs                                  d:/portable programs/stm32-my-toolchain/gcc-arm-none-eabi-10.3-2021.10/bin/../lib/gcc/arm-none-eabi/10.3.1/../../../../arm-none-eabi/lib/thumb/v7-m/nofp\libc_nano.a(lib_a-exit.o)
__deregister_frame_info                           d:/portable programs/stm32-my-toolchain/gcc-arm-none-eabi-10.3-2021.10/bin/../lib/gcc/arm-none-eabi/10.3.1/thumb/v7-m/nofp/crtbegin.o
__dso_handle                                      d:/portable programs/stm32-my-toolchain/gcc-arm-none-eabi-10.3-2021.10/bin/../lib/gcc/arm-none-eabi/10.3.1/thumb/v7-m/nofp/crtbegin.o
__init_array_end                                  d:/portable programs/stm32-my-toolchain/gcc-arm-none-eabi-10.3-2021.10/bin/../lib/gcc/arm-none-eabi/10.3.1/../../../../arm-none-eabi/lib/thumb/v7-m/nofp\libc_nano.a(lib_a-init.o)
__init_array_start                                d:/portable programs/stm32-my-toolchain/gcc-arm-none-eabi-10.3-2021.10/bin/../lib/gcc/arm-none-eabi/10.3.1/../../../../arm-none-eabi/lib/thumb/v7-m/nofp\libc_nano.a(lib_a-init.o)
__libc_fini_array                                 d:/portable programs/stm32-my-toolchain/gcc-arm-none-eabi-10.3-2021.10/bin/../lib/gcc/arm-none-eabi/10.3.1/../../../../arm-none-eabi/lib/thumb/v7-m/nofp/crt0.o
__libc_init_array                                 d:/portable programs/stm32-my-toolchain/gcc-arm-none-eabi-10.3-2021.10/bin/../lib/gcc/arm-none-eabi/10.3.1/../../../../arm-none-eabi/lib/thumb/v7-m/nofp\libc_nano.a(lib_a-init.o)
                                                  build/startup_stm32f103xb.o
                                                  d:/portable programs/stm32-my-toolchain/gcc-arm-none-eabi-10.3-2021.10/bin/../lib/gcc/arm-none-eabi/10.3.1/../../../../arm-none-eabi/lib/thumb/v7-m/nofp/crt0.o
__preinit_array_end                               d:/portable programs/stm32-my-toolchain/gcc-arm-none-eabi-10.3-2021.10/bin/../lib/gcc/arm-none-eabi/10.3.1/../../../../arm-none-eabi/lib/thumb/v7-m/nofp\libc_nano.a(lib_a-init.o)
__preinit_array_start                             d:/portable programs/stm32-my-toolchain/gcc-arm-none-eabi-10.3-2021.10/bin/../lib/gcc/arm-none-eabi/10.3.1/../../../../arm-none-eabi/lib/thumb/v7-m/nofp\libc_nano.a(lib_a-init.o)
__register_frame_info                             d:/portable programs/stm32-my-toolchain/gcc-arm-none-eabi-10.3-2021.10/bin/../lib/gcc/arm-none-eabi/10.3.1/thumb/v7-m/nofp/crtbegin.o
__sf_fake_stderr                                  d:/portable programs/stm32-my-toolchain/gcc-arm-none-eabi-10.3-2021.10/bin/../lib/gcc/arm-none-eabi/10.3.1/../../../../arm-none-eabi/lib/thumb/v7-m/nofp\libc_nano.a(lib_a-impure.o)
__sf_fake_stdin                                   d:/portable programs/stm32-my-toolchain/gcc-arm-none-eabi-10.3-2021.10/bin/../lib/gcc/arm-none-eabi/10.3.1/../../../../arm-none-eabi/lib/thumb/v7-m/nofp\libc_nano.a(lib_a-impure.o)
__sf_fake_stdout                                  d:/portable programs/stm32-my-toolchain/gcc-arm-none-eabi-10.3-2021.10/bin/../lib/gcc/arm-none-eabi/10.3.1/../../../../arm-none-eabi/lib/thumb/v7-m/nofp\libc_nano.a(lib_a-impure.o)
__stack                                           d:/portable programs/stm32-my-toolchain/gcc-arm-none-eabi-10.3-2021.10/bin/../lib/gcc/arm-none-eabi/10.3.1/../../../../arm-none-eabi/lib/thumb/v7-m/nofp/crt0.o
_ebss                                             build/startup_stm32f103xb.o
_edata                                            build/startup_stm32f103xb.o
_estack                                           build/startup_stm32f103xb.o
_exit                                             d:/portable programs/stm32-my-toolchain/gcc-arm-none-eabi-10.3-2021.10/bin/../lib/gcc/arm-none-eabi/10.3.1/../../../../arm-none-eabi/lib/thumb/v7-m/nofp\libnosys.a(_exit.o)
                                                  d:/portable programs/stm32-my-toolchain/gcc-arm-none-eabi-10.3-2021.10/bin/../lib/gcc/arm-none-eabi/10.3.1/../../../../arm-none-eabi/lib/thumb/v7-m/nofp\libc_nano.a(lib_a-exit.o)
_fini                                             d:/portable programs/stm32-my-toolchain/gcc-arm-none-eabi-10.3-2021.10/bin/../lib/gcc/arm-none-eabi/10.3.1/thumb/v7-m/nofp/crti.o
_global_impure_ptr                                d:/portable programs/stm32-my-toolchain/gcc-arm-none-eabi-10.3-2021.10/bin/../lib/gcc/arm-none-eabi/10.3.1/../../../../arm-none-eabi/lib/thumb/v7-m/nofp\libc_nano.a(lib_a-impure.o)
                                                  d:/portable programs/stm32-my-toolchain/gcc-arm-none-eabi-10.3-2021.10/bin/../lib/gcc/arm-none-eabi/10.3.1/../../../../arm-none-eabi/lib/thumb/v7-m/nofp\libc_nano.a(lib_a-exit.o)
_impure_ptr                                       d:/portable programs/stm32-my-toolchain/gcc-arm-none-eabi-10.3-2021.10/bin/../lib/gcc/arm-none-eabi/10.3.1/../../../../arm-none-eabi/lib/thumb/v7-m/nofp\libc_nano.a(lib_a-impure.o)
_init                                             d:/portable programs/stm32-my-toolchain/gcc-arm-none-eabi-10.3-2021.10/bin/../lib/gcc/arm-none-eabi/10.3.1/thumb/v7-m/nofp/crti.o
                                                  d:/portable programs/stm32-my-toolchain/gcc-arm-none-eabi-10.3-2021.10/bin/../lib/gcc/arm-none-eabi/10.3.1/../../../../arm-none-eabi/lib/thumb/v7-m/nofp\libc_nano.a(lib_a-init.o)
_mainCRTStartup                                   d:/portable programs/stm32-my-toolchain/gcc-arm-none-eabi-10.3-2021.10/bin/../lib/gcc/arm-none-eabi/10.3.1/../../../../arm-none-eabi/lib/thumb/v7-m/nofp/crt0.o
_sbss                                             build/startup_stm32f103xb.o
_sdata                                            build/startup_stm32f103xb.o
_sidata                                           build/startup_stm32f103xb.o
_stack_init                                       d:/portable programs/stm32-my-toolchain/gcc-arm-none-eabi-10.3-2021.10/bin/../lib/gcc/arm-none-eabi/10.3.1/../../../../arm-none-eabi/lib/thumb/v7-m/nofp/crt0.o
_start                                            d:/portable programs/stm32-my-toolchain/gcc-arm-none-eabi-10.3-2021.10/bin/../lib/gcc/arm-none-eabi/10.3.1/../../../../arm-none-eabi/lib/thumb/v7-m/nofp/crt0.o
activate_sd_card_init_process                     build/sdcard_driver.o
atexit                                            d:/portable programs/stm32-my-toolchain/gcc-arm-none-eabi-10.3-2021.10/bin/../lib/gcc/arm-none-eabi/10.3.1/../../../../arm-none-eabi/lib/thumb/v7-m/nofp/crt0.o
crc_buffer_calculate_crc_16                       build/crc-buffer.o
crc_buffer_calculate_crc_7                        build/crc-buffer.o
                                                  build/sdcard_driver.o
exit                                              d:/portable programs/stm32-my-toolchain/gcc-arm-none-eabi-10.3-2021.10/bin/../lib/gcc/arm-none-eabi/10.3.1/../../../../arm-none-eabi/lib/thumb/v7-m/nofp\libc_nano.a(lib_a-exit.o)
                                                  d:/portable programs/stm32-my-toolchain/gcc-arm-none-eabi-10.3-2021.10/bin/../lib/gcc/arm-none-eabi/10.3.1/../../../../arm-none-eabi/lib/thumb/v7-m/nofp/crt0.o
fast_boot                                         build/main.o
g_pfnVectors                                      build/startup_stm32f103xb.o
get_cmd                                           build/sdcard_driver.o
                                                  build/main.o
hardware_init_hook                                d:/portable programs/stm32-my-toolchain/gcc-arm-none-eabi-10.3-2021.10/bin/../lib/gcc/arm-none-eabi/10.3.1/../../../../arm-none-eabi/lib/thumb/v7-m/nofp/crt0.o
hspi2                                             build/main.o
main                                              build/main.o
                                                  build/startup_stm32f103xb.o
                                                  d:/portable programs/stm32-my-toolchain/gcc-arm-none-eabi-10.3-2021.10/bin/../lib/gcc/arm-none-eabi/10.3.1/../../../../arm-none-eabi/lib/thumb/v7-m/nofp/crt0.o
memcpy                                            d:/portable programs/stm32-my-toolchain/gcc-arm-none-eabi-10.3-2021.10/bin/../lib/gcc/arm-none-eabi/10.3.1/../../../../arm-none-eabi/lib/thumb/v7-m/nofp\libc_nano.a(lib_a-memcpy-stub.o)
                                                  build/sdcard_driver.o
memset                                            d:/portable programs/stm32-my-toolchain/gcc-arm-none-eabi-10.3-2021.10/bin/../lib/gcc/arm-none-eabi/10.3.1/../../../../arm-none-eabi/lib/thumb/v7-m/nofp\libc_nano.a(lib_a-memset.o)
                                                  build/main.o
                                                  d:/portable programs/stm32-my-toolchain/gcc-arm-none-eabi-10.3-2021.10/bin/../lib/gcc/arm-none-eabi/10.3.1/../../../../arm-none-eabi/lib/thumb/v7-m/nofp/crt0.o
pFlash                                            build/stm32f1xx_hal_flash.o
                                                  build/stm32f1xx_hal_flash_ex.o
receive_byte                                      build/main.o
receive_bytes                                     build/main.o
receive_cmd_response                              build/sdcard_driver.o
sdcard_reset                                      build/sdcard_driver.o
software_init_hook                                d:/portable programs/stm32-my-toolchain/gcc-arm-none-eabi-10.3-2021.10/bin/../lib/gcc/arm-none-eabi/10.3.1/../../../../arm-none-eabi/lib/thumb/v7-m/nofp/crt0.o
transmit_bytes                                    build/main.o
uwTick                                            build/stm32f1xx_hal.o
uwTickFreq                                        build/stm32f1xx_hal.o
uwTickPrio                                        build/stm32f1xx_hal.o
                                                  build/stm32f1xx_hal_rcc.o
